[themes.potenzaglobalsolutions.com/html/the-zayka/index.html]
[backblue.gif]
[fade.gif]
[index.html]
[themes.potenzaglobalsolutions.com/html/the-zayka/images/favicon.ico]
[themes.potenzaglobalsolutions.com/html/the-zayka/images/loader.gif]
[themes.potenzaglobalsolutions.com/html/the-zayka/images/logo.png]
[themes.potenzaglobalsolutions.com/html/the-zayka/index-2.html]
[themes.potenzaglobalsolutions.com/html/the-zayka/index-5.html]
[themes.potenzaglobalsolutions.com/html/the-zayka/about.html]
[themes.potenzaglobalsolutions.com/html/the-zayka/service.html]
[themes.potenzaglobalsolutions.com/html/the-zayka/gallery-2-column.html]
[themes.potenzaglobalsolutions.com/html/the-zayka/gallery-3-column.html]
[themes.potenzaglobalsolutions.com/html/the-zayka/gallery-4-column.html]
[themes.potenzaglobalsolutions.com/html/the-zayka/error-404.html]
[themes.potenzaglobalsolutions.com/html/the-zayka/coming-soon.html]
[themes.potenzaglobalsolutions.com/html/the-zayka/typography.html]
[themes.potenzaglobalsolutions.com/html/the-zayka/page-left-sidebar.html]
[themes.potenzaglobalsolutions.com/html/the-zayka/page-right-sidebar.html]
[themes.potenzaglobalsolutions.com/html/the-zayka/privacy-policy.html]
[themes.potenzaglobalsolutions.com/html/the-zayka/menu-style-1.html]
[themes.potenzaglobalsolutions.com/html/the-zayka/menu-style-2.html]
[themes.potenzaglobalsolutions.com/html/the-zayka/menu-style-3.html]
[themes.potenzaglobalsolutions.com/html/the-zayka/elements-button.html]
[themes.potenzaglobalsolutions.com/html/the-zayka/elements-tab.html]
[themes.potenzaglobalsolutions.com/html/the-zayka/elements-accordion.html]
[themes.potenzaglobalsolutions.com/html/the-zayka/elements-counter.html]
[themes.potenzaglobalsolutions.com/html/the-zayka/elements-carousel-slider.html]
[themes.potenzaglobalsolutions.com/html/the-zayka/elements-progress-bar.html]
[themes.potenzaglobalsolutions.com/html/the-zayka/elements-alerts-and-callouts.html]
[themes.potenzaglobalsolutions.com/html/the-zayka/elements-blockquote.html]
[themes.potenzaglobalsolutions.com/html/the-zayka/elements-clients.html]
[themes.potenzaglobalsolutions.com/html/the-zayka/elements-column.html]
[themes.potenzaglobalsolutions.com/html/the-zayka/elements-list-style.html]
[themes.potenzaglobalsolutions.com/html/the-zayka/elements-feature-box.html]
[themes.potenzaglobalsolutions.com/html/the-zayka/elements-testimonial.html]
[themes.potenzaglobalsolutions.com/html/the-zayka/elements-page-title-center.html]
[themes.potenzaglobalsolutions.com/html/the-zayka/elements-page-title-left.html]
[themes.potenzaglobalsolutions.com/html/the-zayka/elements-page-title-right.html]
[themes.potenzaglobalsolutions.com/html/the-zayka/elements-page-title-fixed.html]
[themes.potenzaglobalsolutions.com/html/the-zayka/elements-page-title-parallax.html]
[themes.potenzaglobalsolutions.com/html/the-zayka/reservation-form.html]
[themes.potenzaglobalsolutions.com/html/the-zayka/book-a-table.html]
[themes.potenzaglobalsolutions.com/html/the-zayka/blog-left-sidebar.html]
[themes.potenzaglobalsolutions.com/html/the-zayka/blog-right-sidebar.html]
[themes.potenzaglobalsolutions.com/html/the-zayka/blog-fullwidth.html]
[themes.potenzaglobalsolutions.com/html/the-zayka/blog-masonry-2-column.html]
[themes.potenzaglobalsolutions.com/html/the-zayka/blog-masonry-3-column.html]
[themes.potenzaglobalsolutions.com/html/the-zayka/blog-masonry-4-column.html]
[themes.potenzaglobalsolutions.com/html/the-zayka/blog-masonry-left-sidebar.html]
[themes.potenzaglobalsolutions.com/html/the-zayka/blog-masonry-right-sidebar.html]
[themes.potenzaglobalsolutions.com/html/the-zayka/blog-single-01.html]
[themes.potenzaglobalsolutions.com/html/the-zayka/blog-single-02.html]
[themes.potenzaglobalsolutions.com/html/the-zayka/contact.html]
[themes.potenzaglobalsolutions.com/html/the-zayka/revolution/assets/a617d-slider2-bg.jpg]
[themes.potenzaglobalsolutions.com/html/the-zayka/revolution/assets/92109-slide2-img8.png]
[themes.potenzaglobalsolutions.com/html/the-zayka/revolution/assets/6ffd8-slide2-img2.png]
[themes.potenzaglobalsolutions.com/html/the-zayka/revolution/assets/57034-slide2-img3.png]
[themes.potenzaglobalsolutions.com/html/the-zayka/revolution/assets/dc11c-slide2-img7.png]
[themes.potenzaglobalsolutions.com/html/the-zayka/revolution/assets/77f8c-slide2-img4.png]
[themes.potenzaglobalsolutions.com/html/the-zayka/revolution/assets/bcac6-slide2-img1.png]
[themes.potenzaglobalsolutions.com/html/the-zayka/revolution/assets/b4c34-slide2-img5.png]
[themes.potenzaglobalsolutions.com/html/the-zayka/revolution/assets/c78fc-slide2-img6.png]
[themes.potenzaglobalsolutions.com/html/the-zayka/revolution/assets/bcc28-img5.png]
[themes.potenzaglobalsolutions.com/html/the-zayka/revolution/assets/2db18-img2.png]
[themes.potenzaglobalsolutions.com/html/the-zayka/revolution/assets/06df7-img6.png]
[themes.potenzaglobalsolutions.com/html/the-zayka/revolution/assets/ef0d8-img3.png]
[themes.potenzaglobalsolutions.com/html/the-zayka/images/object/01.jpg]
[themes.potenzaglobalsolutions.com/html/the-zayka/images/object/02.jpg]
[themes.potenzaglobalsolutions.com/html/the-zayka/images/arrow.png]
[themes.potenzaglobalsolutions.com/html/the-zayka/images/dish/01.png]
[themes.potenzaglobalsolutions.com/html/the-zayka/images/dish/04.png]
[themes.potenzaglobalsolutions.com/html/the-zayka/images/dish/05.png]
[themes.potenzaglobalsolutions.com/html/the-zayka/images/dish/07.png]
[themes.potenzaglobalsolutions.com/html/the-zayka/images/dish/08.png]
[themes.potenzaglobalsolutions.com/html/the-zayka/images/dish/11.png]
[themes.potenzaglobalsolutions.com/html/the-zayka/images/dish/12.png]
[themes.potenzaglobalsolutions.com/html/the-zayka/images/dish/13.png]
[themes.potenzaglobalsolutions.com/html/the-zayka/images/dish/14.png]
[themes.potenzaglobalsolutions.com/html/the-zayka/images/dish/15.png]
[themes.potenzaglobalsolutions.com/html/the-zayka/images/bg/01.jpg]
[themes.potenzaglobalsolutions.com/html/the-zayka/images/object/05.png]
[themes.potenzaglobalsolutions.com/html/the-zayka/images/team/01.jpg]
[themes.potenzaglobalsolutions.com/html/the-zayka/images/team/02.jpg]
[themes.potenzaglobalsolutions.com/html/the-zayka/images/team/03.jpg]
[themes.potenzaglobalsolutions.com/html/the-zayka/images/object/15.png]
[themes.potenzaglobalsolutions.com/html/the-zayka/images/object/06.png]
[themes.potenzaglobalsolutions.com/html/the-zayka/images/object/16.png]
[themes.potenzaglobalsolutions.com/html/the-zayka/js/jquery.min.js]
[themes.potenzaglobalsolutions.com/html/the-zayka/js/bootstrap.min.js]
[themes.potenzaglobalsolutions.com/html/the-zayka/js/mega-menu/mega_menu.js]
[themes.potenzaglobalsolutions.com/html/the-zayka/js/owl.carousel.min.js]
[themes.potenzaglobalsolutions.com/html/the-zayka/js/jquery.appear.js]
[themes.potenzaglobalsolutions.com/html/the-zayka/js/counter/jquery.countTo.js]
[themes.potenzaglobalsolutions.com/html/the-zayka/js/datepicker/bootstrap-datetimepicker.min.js]
[themes.potenzaglobalsolutions.com/html/the-zayka/js/book/modernizr.custom.js]
[themes.potenzaglobalsolutions.com/html/the-zayka/js/book/bookblock.min.js]
[themes.potenzaglobalsolutions.com/html/the-zayka/js/jquery.nicescroll.min.js]
[themes.potenzaglobalsolutions.com/html/the-zayka/js/jquery-select.js]
[themes.potenzaglobalsolutions.com/html/the-zayka/revolution/js/jquery.themepunch.tools.min.js]
[themes.potenzaglobalsolutions.com/html/the-zayka/revolution/js/jquery.themepunch.revolution.min.js]
[themes.potenzaglobalsolutions.com/html/the-zayka/revolution/js/extensions/revolution.extension.actions.min.js]
[themes.potenzaglobalsolutions.com/html/the-zayka/revolution/js/extensions/revolution.extension.carousel.min.js]
[themes.potenzaglobalsolutions.com/html/the-zayka/revolution/js/extensions/revolution.extension.kenburn.min.js]
[themes.potenzaglobalsolutions.com/html/the-zayka/revolution/js/extensions/revolution.extension.layeranimation.min.js]
[themes.potenzaglobalsolutions.com/html/the-zayka/revolution/js/extensions/revolution.extension.migration.min.js]
[themes.potenzaglobalsolutions.com/html/the-zayka/revolution/js/extensions/revolution.extension.navigation.min.js]
[themes.potenzaglobalsolutions.com/html/the-zayka/revolution/js/extensions/revolution.extension.parallax.min.js]
[themes.potenzaglobalsolutions.com/html/the-zayka/revolution/js/extensions/revolution.extension.slideanims.min.js]
[themes.potenzaglobalsolutions.com/html/the-zayka/revolution/js/extensions/revolution.extension.video.min.js]
[themes.potenzaglobalsolutions.com/html/the-zayka/revolution/js/revolution-custom.js]
[themes.potenzaglobalsolutions.com/html/the-zayka/js/style-customizer.js]
[themes.potenzaglobalsolutions.com/html/the-zayka/js/custom.js]
[themes.potenzaglobalsolutions.com/html/the-zayka/index.html]
[themes.potenzaglobalsolutions.com/html/the-zayka/css/bootstrap.min.css]
[themes.potenzaglobalsolutions.com/html/the-zayka/fonts/Flaticon.eot]
[themes.potenzaglobalsolutions.com/html/the-zayka/fonts/Flaticon.woff]
[themes.potenzaglobalsolutions.com/html/the-zayka/fonts/Flaticond41d.eot]
[themes.potenzaglobalsolutions.com/html/the-zayka/fonts/Flaticon.ttf]
[themes.potenzaglobalsolutions.com/html/the-zayka/css/flaticon.css]
[themes.potenzaglobalsolutions.com/html/the-zayka/css/owl.carousel.css]
[themes.potenzaglobalsolutions.com/html/the-zayka/css/bootstrap-datetimepicker.min.css]
[themes.potenzaglobalsolutions.com/html/the-zayka/images/pattern/04.png]
[themes.potenzaglobalsolutions.com/html/the-zayka/images/menu/arrow.png]
[themes.potenzaglobalsolutions.com/html/the-zayka/images/menu/menu-cover.png]
[themes.potenzaglobalsolutions.com/html/the-zayka/css/book/component.css]
[themes.potenzaglobalsolutions.com/html/the-zayka/revolution/fonts/revicons/revicons90c6.eot]
[themes.potenzaglobalsolutions.com/html/the-zayka/revolution/fonts/revicons/revicons90c6.woff]
[themes.potenzaglobalsolutions.com/html/the-zayka/revolution/fonts/revicons/revicons90c6.ttf]
[themes.potenzaglobalsolutions.com/html/the-zayka/revolution/assets/loader.gif]
[themes.potenzaglobalsolutions.com/html/the-zayka/revolution/css/settings.css]
[themes.potenzaglobalsolutions.com/html/the-zayka/revolution/css/navigation.css]
[themes.potenzaglobalsolutions.com/html/the-zayka/css/responsive.css]
[themes.potenzaglobalsolutions.com/html/the-zayka/css/style-customizer.css]
[www.googletagmanager.com/gtm5445.html]
[themes.potenzaglobalsolutions.com/html/the-zayka/images/logo-white.png]
[themes.potenzaglobalsolutions.com/html/the-zayka/revolution/assets/cc58a-main-img.jpg]
[themes.potenzaglobalsolutions.com/html/the-zayka/revolution/assets/bfd2d-img1.png]
[themes.potenzaglobalsolutions.com/html/the-zayka/revolution/assets/88368-img2.png]
[themes.potenzaglobalsolutions.com/html/the-zayka/revolution/assets/40d13-img4.png]
[themes.potenzaglobalsolutions.com/html/the-zayka/revolution/assets/3568d-img7.png]
[themes.potenzaglobalsolutions.com/html/the-zayka/revolution/assets/2357d-img3.png]
[themes.potenzaglobalsolutions.com/html/the-zayka/revolution/assets/ae425-img5.png]
[themes.potenzaglobalsolutions.com/html/the-zayka/revolution/assets/590dd-img6.png]
[themes.potenzaglobalsolutions.com/html/the-zayka/revolution/assets/a2d58-img9.png]
[themes.potenzaglobalsolutions.com/html/the-zayka/revolution/assets/ae80a-img8.png]
[themes.potenzaglobalsolutions.com/html/the-zayka/revolution/assets/transparent.png]
[themes.potenzaglobalsolutions.com/html/the-zayka/revolution/assets/b043c-img11.png]
[themes.potenzaglobalsolutions.com/html/the-zayka/revolution/assets/b19fa-img15.png]
[themes.potenzaglobalsolutions.com/html/the-zayka/revolution/assets/81c5a-img16.png]
[themes.potenzaglobalsolutions.com/html/the-zayka/revolution/assets/50362-img21.png]
[themes.potenzaglobalsolutions.com/html/the-zayka/revolution/assets/13e8a-img20.png]
[themes.potenzaglobalsolutions.com/html/the-zayka/revolution/assets/614d2-img18.png]
[themes.potenzaglobalsolutions.com/html/the-zayka/revolution/assets/bf8a2-img10.png]
[themes.potenzaglobalsolutions.com/html/the-zayka/revolution/assets/6302a-img14.png]
[themes.potenzaglobalsolutions.com/html/the-zayka/revolution/assets/180f2-img12.png]
[themes.potenzaglobalsolutions.com/html/the-zayka/images/object/08.png]
[themes.potenzaglobalsolutions.com/html/the-zayka/images/object/03.png]
[themes.potenzaglobalsolutions.com/html/the-zayka/images/object/04.png]
[themes.potenzaglobalsolutions.com/html/the-zayka/images/team/06.png]
[themes.potenzaglobalsolutions.com/html/the-zayka/images/team/08.png]
[themes.potenzaglobalsolutions.com/html/the-zayka/images/event/01.jpg]
[themes.potenzaglobalsolutions.com/html/the-zayka/images/event/02.jpg]
[themes.potenzaglobalsolutions.com/html/the-zayka/images/event/03.jpg]
[themes.potenzaglobalsolutions.com/html/the-zayka/images/pattern/01.jpg]
[themes.potenzaglobalsolutions.com/html/the-zayka/images/logo-dark.png]
[themes.potenzaglobalsolutions.com/html/the-zayka/images/gallery/01.jpg]
[themes.potenzaglobalsolutions.com/html/the-zayka/images/gallery/02.jpg]
[themes.potenzaglobalsolutions.com/html/the-zayka/images/gallery/03.jpg]
[themes.potenzaglobalsolutions.com/html/the-zayka/images/gallery/05.jpg]
[themes.potenzaglobalsolutions.com/html/the-zayka/index-2.html]
[themes.potenzaglobalsolutions.com/html/the-zayka/index-3.html]
[themes.potenzaglobalsolutions.com/html/the-zayka/index-4.html]
[themes.potenzaglobalsolutions.com/html/the-zayka/images/bg/10.jpg]
[themes.potenzaglobalsolutions.com/html/the-zayka/revolution/assets/a23f6-img-b2.jpg]
[themes.potenzaglobalsolutions.com/html/the-zayka/revolution/assets/1a059-b62eb-img1.png]
[themes.potenzaglobalsolutions.com/html/the-zayka/revolution/assets/0c19e-img-bg.jpg]
[themes.potenzaglobalsolutions.com/html/the-zayka/revolution/assets/3a3e6-img-bg3.jpg]
[themes.potenzaglobalsolutions.com/html/the-zayka/revolution/assets/74ce9-img2.png]
[themes.potenzaglobalsolutions.com/html/the-zayka/images/bg/03.jpg]
[themes.potenzaglobalsolutions.com/html/the-zayka/images/bg/05.jpg]
[themes.potenzaglobalsolutions.com/html/the-zayka/images/team/04.jpg]
[themes.potenzaglobalsolutions.com/html/the-zayka/images/object/14.png]
[themes.potenzaglobalsolutions.com/html/the-zayka/js/video/jquery.vide.js]
[themes.potenzaglobalsolutions.com/html/the-zayka/index-5.html]
[themes.potenzaglobalsolutions.com/html/the-zayka/images/about/02.jpg]
[themes.potenzaglobalsolutions.com/html/the-zayka/about.html]
[themes.potenzaglobalsolutions.com/html/the-zayka/images/feature/01.jpg]
[themes.potenzaglobalsolutions.com/html/the-zayka/images/feature/02.jpg]
[themes.potenzaglobalsolutions.com/html/the-zayka/images/feature/04.jpg]
[themes.potenzaglobalsolutions.com/html/the-zayka/service.html]
[themes.potenzaglobalsolutions.com/html/the-zayka/images/gallery/07.jpg]
[themes.potenzaglobalsolutions.com/html/the-zayka/images/gallery/09.jpg]
[themes.potenzaglobalsolutions.com/html/the-zayka/images/gallery/11.jpg]
[themes.potenzaglobalsolutions.com/html/the-zayka/js/popup/jquery.magnific-popup.js]
[themes.potenzaglobalsolutions.com/html/the-zayka/gallery-2-column.html]
[themes.potenzaglobalsolutions.com/html/the-zayka/gallery-3-column.html]
[themes.potenzaglobalsolutions.com/html/the-zayka/gallery-4-column.html]
[themes.potenzaglobalsolutions.com/html/the-zayka/images/bg/08.jpg]
[themes.potenzaglobalsolutions.com/html/the-zayka/error-404.html]
[themes.potenzaglobalsolutions.com/html/the-zayka/images/pattern/02.jpg]
[themes.potenzaglobalsolutions.com/html/the-zayka/coming-soon.html]
[themes.potenzaglobalsolutions.com/html/the-zayka/typography.html]
[themes.potenzaglobalsolutions.com/html/the-zayka/images/bg/04.jpg]
[themes.potenzaglobalsolutions.com/html/the-zayka/page-left-sidebar.html]
[themes.potenzaglobalsolutions.com/html/the-zayka/page-right-sidebar.html]
[themes.potenzaglobalsolutions.com/html/the-zayka/page-both-sidebar.html]
[themes.potenzaglobalsolutions.com/html/the-zayka/terms-and-conditions.html]
[themes.potenzaglobalsolutions.com/html/the-zayka/privacy-policy.html]
[themes.potenzaglobalsolutions.com/html/the-zayka/menu-style-1.html]
[themes.potenzaglobalsolutions.com/html/the-zayka/menu-style-2.html]
[themes.potenzaglobalsolutions.com/html/the-zayka/menu-style-3.html]
[themes.potenzaglobalsolutions.com/html/the-zayka/elements-button.html]
[themes.potenzaglobalsolutions.com/html/the-zayka/elements-accordion.html]
[themes.potenzaglobalsolutions.com/html/the-zayka/elements-tab.html]
[themes.potenzaglobalsolutions.com/html/the-zayka/elements-counter.html]
[themes.potenzaglobalsolutions.com/html/the-zayka/elements-carousel-slider.html]
[themes.potenzaglobalsolutions.com/html/the-zayka/elements-team.html]
[themes.potenzaglobalsolutions.com/html/the-zayka/elements-pricing.html]
[themes.potenzaglobalsolutions.com/html/the-zayka/elements-progress-bar.html]
[themes.potenzaglobalsolutions.com/html/the-zayka/elements-alerts-and-callouts.html]
[themes.potenzaglobalsolutions.com/html/the-zayka/elements-blockquote.html]
[themes.potenzaglobalsolutions.com/html/the-zayka/images/client/01.jpg]
[themes.potenzaglobalsolutions.com/html/the-zayka/images/client/02.jpg]
[themes.potenzaglobalsolutions.com/html/the-zayka/images/client/03.jpg]
[themes.potenzaglobalsolutions.com/html/the-zayka/images/client/04.jpg]
[themes.potenzaglobalsolutions.com/html/the-zayka/images/client/05.jpg]
[themes.potenzaglobalsolutions.com/html/the-zayka/elements-clients.html]
[themes.potenzaglobalsolutions.com/html/the-zayka/elements-column.html]
[themes.potenzaglobalsolutions.com/html/the-zayka/elements-list-style.html]
[themes.potenzaglobalsolutions.com/html/the-zayka/elements-feature-box.html]
[themes.potenzaglobalsolutions.com/html/the-zayka/elements-testimonial.html]
[themes.potenzaglobalsolutions.com/html/the-zayka/elements-page-title-center.html]
[themes.potenzaglobalsolutions.com/html/the-zayka/elements-page-title-left.html]
[themes.potenzaglobalsolutions.com/html/the-zayka/elements-page-title-right.html]
[themes.potenzaglobalsolutions.com/html/the-zayka/elements-page-title-fixed.html]
[themes.potenzaglobalsolutions.com/html/the-zayka/elements-page-title-parallax.html]
[themes.potenzaglobalsolutions.com/html/the-zayka/reservation-form.html]
[themes.potenzaglobalsolutions.com/html/the-zayka/book-a-table.html]
[themes.potenzaglobalsolutions.com/html/the-zayka/blog-left-sidebar.html]
[themes.potenzaglobalsolutions.com/html/the-zayka/blog-right-sidebar.html]
[themes.potenzaglobalsolutions.com/html/the-zayka/blog-fullwidth.html]
[themes.potenzaglobalsolutions.com/html/the-zayka/images/event/05.jpg]
[themes.potenzaglobalsolutions.com/html/the-zayka/images/event/06.jpg]
[themes.potenzaglobalsolutions.com/html/the-zayka/blog-masonry-2-column.html]
[themes.potenzaglobalsolutions.com/html/the-zayka/blog-masonry-3-column.html]
[themes.potenzaglobalsolutions.com/html/the-zayka/blog-masonry-4-column.html]
[themes.potenzaglobalsolutions.com/html/the-zayka/blog-masonry-left-sidebar.html]
[themes.potenzaglobalsolutions.com/html/the-zayka/blog-masonry-right-sidebar.html]
[themes.potenzaglobalsolutions.com/html/the-zayka/blog-single-01.html]
[themes.potenzaglobalsolutions.com/html/the-zayka/blog-single-02.html]
[themes.potenzaglobalsolutions.com/html/the-zayka/images/ajax-loader.gif]
[themes.potenzaglobalsolutions.com/html/the-zayka/contact.html]
[themes.potenzaglobalsolutions.com/html/the-zayka/revolution/assets/32168-img4.png]
[themes.potenzaglobalsolutions.com/html/the-zayka/images/menu/book-logo.png]
[themes.potenzaglobalsolutions.com/html/the-zayka/images/dish/02.png]
[themes.potenzaglobalsolutions.com/html/the-zayka/images/dish/03.png]
[themes.potenzaglobalsolutions.com/html/the-zayka/images/dish/06.png]
[themes.potenzaglobalsolutions.com/html/the-zayka/images/dish/09.png]
[themes.potenzaglobalsolutions.com/html/the-zayka/images/dish/16.png]
[themes.potenzaglobalsolutions.com/html/the-zayka/images/dish/10.png]
[themes.potenzaglobalsolutions.com/html/the-zayka/images/bg/06.jpg]
[themes.potenzaglobalsolutions.com/html/the-zayka/images/bg/02.jpg]
[themes.potenzaglobalsolutions.com/html/the-zayka/fonts/glyphicons-halflings-regular.html]
[themes.potenzaglobalsolutions.com/html/the-zayka/fonts/glyphicons-halflings-regulard41d.html]
[themes.potenzaglobalsolutions.com/html/the-zayka/fonts/glyphicons-halflings-regular-2.html]
[themes.potenzaglobalsolutions.com/html/the-zayka/fonts/glyphicons-halflings-regular-3.html]
[themes.potenzaglobalsolutions.com/html/the-zayka/fonts/glyphicons-halflings-regular-4.html]
[themes.potenzaglobalsolutions.com/html/the-zayka/fonts/glyphicons-halflings-regular-5.html]
[themes.potenzaglobalsolutions.com/html/the-zayka/fonts/Flaticond41d.eot]
[themes.potenzaglobalsolutions.com/html/the-zayka/fonts/Flaticon.svg]
[themes.potenzaglobalsolutions.com/html/the-zayka/css/Flaticon.html]
[themes.potenzaglobalsolutions.com/html/the-zayka/fonts/fontawesome-webfontd41d.eot]
[themes.potenzaglobalsolutions.com/html/the-zayka/fonts/fontawesome-webfont5b62.woff]
[themes.potenzaglobalsolutions.com/html/the-zayka/css/font-awesome.min.css]
[themes.potenzaglobalsolutions.com/html/the-zayka/css/owl.video.play.html]
[themes.potenzaglobalsolutions.com/html/the-zayka/css/img/cover2.html]
[themes.potenzaglobalsolutions.com/html/the-zayka/revolution/fonts/revicons/revicons90c6.svg]
[themes.potenzaglobalsolutions.com/html/the-zayka/revolution/css/openhand.html]
[themes.potenzaglobalsolutions.com/html/the-zayka/revolution/css/closedhand.html]
[themes.potenzaglobalsolutions.com/html/the-zayka/revolution/assets/gridtile.html]
[themes.potenzaglobalsolutions.com/html/the-zayka/revolution/assets/gridtile_white.html]
[themes.potenzaglobalsolutions.com/html/the-zayka/revolution/assets/gridtile_3x3.html]
[themes.potenzaglobalsolutions.com/html/the-zayka/revolution/assets/gridtile_3x3_white.html]
[themes.potenzaglobalsolutions.com/html/the-zayka/revolution/assets/coloredbg.html]
[themes.potenzaglobalsolutions.com/html/the-zayka/images/info-bg.png]
[themes.potenzaglobalsolutions.com/html/the-zayka/images/client-arrow.png]
[themes.potenzaglobalsolutions.com/html/the-zayka/css/style.css]
[themes.potenzaglobalsolutions.com/html/the-zayka/revolution/assets/2ec3a-img22.png]
[themes.potenzaglobalsolutions.com/html/the-zayka/revolution/assets/9ca0a-img17.png]
[themes.potenzaglobalsolutions.com/html/the-zayka/revolution/assets/46b0a-img19.png]
[themes.potenzaglobalsolutions.com/html/the-zayka/images/object/12.png]
[themes.potenzaglobalsolutions.com/html/the-zayka/images/team/05.png]
[themes.potenzaglobalsolutions.com/html/the-zayka/images/team/07.png]
[themes.potenzaglobalsolutions.com/html/the-zayka/images/bg/09.jpg]
[themes.potenzaglobalsolutions.com/html/the-zayka/images/event/04.jpg]
[themes.potenzaglobalsolutions.com/html/the-zayka/images/gallery/04.jpg]
[themes.potenzaglobalsolutions.com/html/the-zayka/images/gallery/06.jpg]
[themes.potenzaglobalsolutions.com/html/the-zayka/revolution/assets/1c8fc-slider-bg.jpg]
[themes.potenzaglobalsolutions.com/html/the-zayka/revolution/assets/3017c-slide1-img.png]
[themes.potenzaglobalsolutions.com/html/the-zayka/revolution/assets/9fb8a-slide2-bg.jpg]
[themes.potenzaglobalsolutions.com/html/the-zayka/images/object/10.jpg]
[themes.potenzaglobalsolutions.com/html/the-zayka/images/object/13.png]
[themes.potenzaglobalsolutions.com/html/the-zayka/index-3.html]
[themes.potenzaglobalsolutions.com/html/the-zayka/revolution/assets/994ec-slider-bg2.jpg]
[themes.potenzaglobalsolutions.com/html/the-zayka/revolution/assets/01354-slider-bg3.jpg]
[themes.potenzaglobalsolutions.com/html/the-zayka/index-4.html]
[themes.potenzaglobalsolutions.com/html/the-zayka/images/about/03.jpg]
[themes.potenzaglobalsolutions.com/html/the-zayka/images/object/07.png]
[themes.potenzaglobalsolutions.com/html/the-zayka/images/bg/07.jpg]
[themes.potenzaglobalsolutions.com/html/the-zayka/images/about/01.jpg]
[themes.potenzaglobalsolutions.com/html/the-zayka/images/object/11.png]
[themes.potenzaglobalsolutions.com/html/the-zayka/images/feature/03.jpg]
[themes.potenzaglobalsolutions.com/html/the-zayka/images/gallery/08.jpg]
[themes.potenzaglobalsolutions.com/html/the-zayka/images/gallery/10.jpg]
[themes.potenzaglobalsolutions.com/html/the-zayka/images/gallery/12.jpg]
[themes.potenzaglobalsolutions.com/html/the-zayka/js/isotope/isotope.pkgd.min.js]
[themes.potenzaglobalsolutions.com/html/the-zayka/images/image-404.jpg]
[themes.potenzaglobalsolutions.com/html/the-zayka/css/default.html]
[themes.potenzaglobalsolutions.com/html/the-zayka/page-both-sidebar.html]
[themes.potenzaglobalsolutions.com/html/the-zayka/terms-and-conditions.html]
[themes.potenzaglobalsolutions.com/html/the-zayka/images/bg/11.html]
[themes.potenzaglobalsolutions.com/html/the-zayka/elements-team.html]
[themes.potenzaglobalsolutions.com/html/the-zayka/elements-pricing.html]
[themes.potenzaglobalsolutions.com/html/the-zayka/images/event/07.jpg]
[themes.potenzaglobalsolutions.com/html/the-zayka/css/mega-menu/mega_menu.css]
[themes.potenzaglobalsolutions.com/html/the-zayka/blog-single.html]
[themes.potenzaglobalsolutions.com/html/the-zayka/revolution/assets/0c19e-img-bg.jpg]
[themes.potenzaglobalsolutions.com/html/the-zayka/revolution/assets/93d6a-img13.png]
[themes.potenzaglobalsolutions.com/html/the-zayka/revolution/assets/1f88e-slide2-img.png]
[themes.potenzaglobalsolutions.com/html/the-zayka/revolution/assets/0cbf2-slider-bg.jpg]
[themes.potenzaglobalsolutions.com/html/the-zayka/css/magnific-popup/magnific-popup.css]
[themes.potenzaglobalsolutions.com/html/the-zayka/fonts/fontawesome-webfont5b62.eot]
[themes.potenzaglobalsolutions.com/html/the-zayka/fonts/fontawesome-webfont5b62.woff2]
[themes.potenzaglobalsolutions.com/html/the-zayka/fonts/fontawesome-webfont5b62.ttf]
[themes.potenzaglobalsolutions.com/html/the-zayka/js/countdown/jquery.downCount.js]
[themes.potenzaglobalsolutions.com/html/the-zayka/images/object/09.png]
[themes.potenzaglobalsolutions.com/html/the-zayka/fonts/fontawesome-webfont5b62.svg]
